0.0000000000
1.0000000000
1.8636363636
-1
1.8421052632
1.7388766033
2.5826671891